
Function mapPenetrance
----------------------


.. function:: mapPenetrance(pop, loci, penetrance, ancGens=True, *args, **kwargs)

   Apply opertor :class:`MapPenetrance` to population *pop*. Unlike the
   operator form of this operator that only handles the current generation,
   this function by default assign affection status to all generations.
