
Function pyPenetrance
---------------------


.. function:: pyPenetrance(pop, func, loci=[], ancGens=True, *args, **kwargs)

   Apply opertor :class:`PyPenetrance` to population *pop*. Unlike the
   operator form of this operator that only handles the current generation,
   this function by default assign affection status to all generations.
