
Function drawNuclearFamilySample
--------------------------------


.. function:: drawNuclearFamilySample(pop, families, numOffspring, affectedParents=0, affectedOffspring=0, subPops=ALL_AVAIL, idField='ind_id', fatherField='father_id', motherField='mother_id')

   Draw nuclear families from a population. Number of offspring, number of
   affected parents and number of affected offspring should be specified using
   parameters ``numOffspring``, ``affectedParents`` and ``affectedOffspring``,
   which can all be a single number, or a range ``[a, b]`` (``b`` is incldued).
   If a single ``families`` is given, Pedigrees are drawn randomly from the
   whole population or from specified (virtual) subpopulations (parameter
   ``subPops``). Otherwise, a list of numbers should be used to specify
   numbers of families from each subpopulation, which can be all
   subpopulations if ``subPops=ALL_AVAIL`` (default), or from each of the
   specified (virtual) subpopulations. This function returns a population that
   contains extracted individuals.
